2026-05-11 02:13:49,771 - INFO - ============================================================
2026-05-11 02:13:49,771 - INFO - HINGLISH SENTIMENT ANALYSIS - BERT MODELS EVALUATION
2026-05-11 02:13:49,771 - INFO - ============================================================
2026-05-11 02:13:49,771 - INFO - Log file: sentiment_analysis_20260511_021349.log
2026-05-11 02:13:49,771 - INFO - 
2026-05-11 02:13:49,771 - INFO - Downloading Hinglish sentiment analysis dataset from Kaggle...
2026-05-11 02:13:51,328 - INFO - Path to dataset files: C:\Users\004WR1744\.cache\kagglehub\datasets\shivajeetrai\hinglish-data-for-sentiment-analysis\versions\1
2026-05-11 02:13:51,328 - INFO - Loading dataset from: C:\Users\004WR1744\.cache\kagglehub\datasets\shivajeetrai\hinglish-data-for-sentiment-analysis\versions\1\output.csv
2026-05-11 02:13:51,347 - INFO - 
2026-05-11 02:13:51,347 - INFO - Dataset loaded successfully!
2026-05-11 02:13:51,347 - INFO - Dataset: Hinglish Sentiment Analysis
2026-05-11 02:13:51,347 - INFO - Number of samples: 2766
2026-05-11 02:13:51,347 - INFO - Dataset columns: ['Unnamed: 0', 'text', 'sentiment', 'label']
2026-05-11 02:13:51,347 - INFO - 
2026-05-11 02:13:51,347 - INFO - First few rows:
2026-05-11 02:13:51,347 - INFO - 
   Unnamed: 0                                                                                                                                                                                                                                                                                                                                                                                             text sentiment  label
0           0                                                                                                                                                                                                                                                                          module , ek program hoti hai , jismen ya to source code ya machine language ke form men instructions nihit hote hain.\n   neutral      1
1           1  aur hamne aume samood ke pas unke bhaee saleh ko paimbar banakar bheja to unhonne apni aum se kaha ae meri aum uda hi ki parastish karo uske siva koee tumhara mabood nahin usi ne tumko zamin ki mitti se paida kiya aur tumko usmen basaya to usse maphirat ki duaa mgon phir uski bargah men tauba karo beshak mera paravardigar har shash ke rib aur sabki sunta aur duaa ubool karta hai\n  positive      2
2           2                                                                                                                                                                                                                                                                                                                                    aur jab unhen yad dilaya jata hai , to ve yad nahin karte ,\n   neutral      1
3           3                                                                                                                                                                                                                                                                                                                                                          tumhen २०११ ka ted prize mil gaya hai\n  positive      2
4           4                                                                                                                                                                                                                                                          unhonne bad science karne ke lie ye delhi university ke kirorimal college chale ge jahan inhonne vijnjan graduate ki degree prapt ki.\n   neutral      1
2026-05-11 02:13:51,355 - INFO - 
2026-05-11 02:13:51,355 - INFO - Using columns:
2026-05-11 02:13:51,355 - INFO -   Text column: text
2026-05-11 02:13:51,355 - INFO -   Label column: label
2026-05-11 02:13:51,372 - INFO - 
2026-05-11 02:13:51,372 - INFO - Label distribution:
2026-05-11 02:13:51,372 - INFO - 
label
1    1234
2     987
0     545
2026-05-11 02:13:51,372 - INFO - 
2026-05-11 02:13:51,372 - INFO - ============================================================
2026-05-11 02:13:51,372 - INFO - RUNNING MODEL: BERT_Base_Multilingual
2026-05-11 02:13:51,372 - INFO - ============================================================
2026-05-11 02:13:52,024 - INFO - HTTP Request: HEAD https://huggingface.co/nlptown/bert-base-multilingual-uncased-sentiment/resolve/main/config.json "HTTP/1.1 307 Temporary Redirect"
2026-05-11 02:13:52,039 - INFO - HTTP Request: HEAD https://huggingface.co/api/resolve-cache/models/nlptown/bert-base-multilingual-uncased-sentiment/8f6f4e3a8f70be4b65d3a4a8762b6d781cda240d/config.json "HTTP/1.1 200 OK"
2026-05-11 02:13:52,090 - INFO - HTTP Request: GET https://huggingface.co/api/resolve-cache/models/nlptown/bert-base-multilingual-uncased-sentiment/8f6f4e3a8f70be4b65d3a4a8762b6d781cda240d/config.json "HTTP/1.1 200 OK"
2026-05-11 02:13:52,450 - INFO - HTTP Request: HEAD https://huggingface.co/nlptown/bert-base-multilingual-uncased-sentiment/resolve/main/tokenizer_config.json "HTTP/1.1 307 Temporary Redirect"
2026-05-11 02:13:52,450 - WARNING - Warning: You are sending unauthenticated requests to the HF Hub. Please set a HF_TOKEN to enable higher rate limits and faster downloads.
2026-05-11 02:13:52,458 - INFO - HTTP Request: HEAD https://huggingface.co/api/resolve-cache/models/nlptown/bert-base-multilingual-uncased-sentiment/8f6f4e3a8f70be4b65d3a4a8762b6d781cda240d/tokenizer_config.json "HTTP/1.1 200 OK"
2026-05-11 02:13:52,478 - INFO - HTTP Request: GET https://huggingface.co/api/resolve-cache/models/nlptown/bert-base-multilingual-uncased-sentiment/8f6f4e3a8f70be4b65d3a4a8762b6d781cda240d/tokenizer_config.json "HTTP/1.1 200 OK"
2026-05-11 02:13:52,757 - INFO - HTTP Request: GET https://huggingface.co/api/models/nlptown/bert-base-multilingual-uncased-sentiment/tree/main/additional_chat_templates?recursive=false&expand=false "HTTP/1.1 404 Not Found"
2026-05-11 02:13:53,059 - INFO - HTTP Request: GET https://huggingface.co/api/models/nlptown/bert-base-multilingual-uncased-sentiment/tree/main?recursive=true&expand=false "HTTP/1.1 200 OK"
2026-05-11 02:13:53,301 - INFO - HTTP Request: HEAD https://huggingface.co/nlptown/bert-base-multilingual-uncased-sentiment/resolve/main/vocab.txt "HTTP/1.1 307 Temporary Redirect"
2026-05-11 02:13:53,311 - INFO - HTTP Request: HEAD https://huggingface.co/api/resolve-cache/models/nlptown/bert-base-multilingual-uncased-sentiment/8f6f4e3a8f70be4b65d3a4a8762b6d781cda240d/vocab.txt "HTTP/1.1 200 OK"
2026-05-11 02:13:53,327 - INFO - HTTP Request: GET https://huggingface.co/api/resolve-cache/models/nlptown/bert-base-multilingual-uncased-sentiment/8f6f4e3a8f70be4b65d3a4a8762b6d781cda240d/vocab.txt "HTTP/1.1 200 OK"
2026-05-11 02:13:53,676 - INFO - HTTP Request: HEAD https://huggingface.co/nlptown/bert-base-multilingual-uncased-sentiment/resolve/main/tokenizer.json "HTTP/1.1 404 Not Found"
2026-05-11 02:13:53,984 - INFO - HTTP Request: HEAD https://huggingface.co/nlptown/bert-base-multilingual-uncased-sentiment/resolve/main/added_tokens.json "HTTP/1.1 404 Not Found"
2026-05-11 02:13:54,291 - INFO - HTTP Request: HEAD https://huggingface.co/nlptown/bert-base-multilingual-uncased-sentiment/resolve/main/special_tokens_map.json "HTTP/1.1 307 Temporary Redirect"
2026-05-11 02:13:54,309 - INFO - HTTP Request: HEAD https://huggingface.co/api/resolve-cache/models/nlptown/bert-base-multilingual-uncased-sentiment/8f6f4e3a8f70be4b65d3a4a8762b6d781cda240d/special_tokens_map.json "HTTP/1.1 200 OK"
2026-05-11 02:13:54,316 - INFO - HTTP Request: GET https://huggingface.co/api/resolve-cache/models/nlptown/bert-base-multilingual-uncased-sentiment/8f6f4e3a8f70be4b65d3a4a8762b6d781cda240d/special_tokens_map.json "HTTP/1.1 200 OK"
2026-05-11 02:13:54,701 - INFO - HTTP Request: HEAD https://huggingface.co/nlptown/bert-base-multilingual-uncased-sentiment/resolve/main/chat_template.jinja "HTTP/1.1 404 Not Found"
2026-05-11 02:13:55,111 - INFO - HTTP Request: GET https://huggingface.co/api/models/nlptown/bert-base-multilingual-uncased-sentiment "HTTP/1.1 200 OK"
2026-05-11 02:13:55,418 - INFO - HTTP Request: HEAD https://huggingface.co/nlptown/bert-base-multilingual-uncased-sentiment/resolve/main/config.json "HTTP/1.1 307 Temporary Redirect"
2026-05-11 02:13:55,434 - INFO - HTTP Request: HEAD https://huggingface.co/api/resolve-cache/models/nlptown/bert-base-multilingual-uncased-sentiment/8f6f4e3a8f70be4b65d3a4a8762b6d781cda240d/config.json "HTTP/1.1 200 OK"
2026-05-11 02:13:55,723 - INFO - HTTP Request: HEAD https://huggingface.co/nlptown/bert-base-multilingual-uncased-sentiment/resolve/main/model.safetensors "HTTP/1.1 302 Found"
2026-05-11 02:13:56,238 - INFO - HTTP Request: GET https://huggingface.co/api/models/nlptown/bert-base-multilingual-uncased-sentiment/xet-read-token/8f6f4e3a8f70be4b65d3a4a8762b6d781cda240d "HTTP/1.1 200 OK"
2026-05-11 02:18:58,947 - INFO - Accuracy : 0.4512
2026-05-11 02:18:58,948 - INFO - Precision: 0.7516
2026-05-11 02:18:58,948 - INFO - Recall   : 0.4512
2026-05-11 02:18:58,948 - INFO - F1 Score : 0.4875
2026-05-11 02:18:58,948 - INFO - 
2026-05-11 02:18:58,948 - INFO - ============================================================
2026-05-11 02:18:58,948 - INFO - RUNNING MODEL: IndicBERT_Sentiment
2026-05-11 02:18:58,949 - INFO - ============================================================
2026-05-11 02:18:59,457 - INFO - HTTP Request: HEAD https://huggingface.co/l3cube-pune/indic-bert-v1-hi-sentiment/resolve/main/config.json "HTTP/1.1 401 Unauthorized"
2026-05-11 02:18:59,695 - INFO - HTTP Request: HEAD https://huggingface.co/l3cube-pune/indic-bert-v1-hi-sentiment/resolve/main/config.json "HTTP/1.1 401 Unauthorized"
2026-05-11 02:18:59,697 - ERROR - 
2026-05-11 02:18:59,697 - ERROR - ERROR OCCURRED
2026-05-11 02:18:59,698 - ERROR - l3cube-pune/indic-bert-v1-hi-sentiment is not a local folder and is not a valid model identifier listed on 'https://huggingface.co/models'
If this is a private repository, make sure to pass a token having permission to this repo either by logging in with `hf auth login` or by passing `token=<your_token>`
2026-05-11 02:18:59,699 - ERROR - Full traceback:
Traceback (most recent call last):
  File "C:\Users\004WR1744\AppData\Local\Programs\Python\Python311\Lib\site-packages\huggingface_hub\utils\_http.py", line 761, in hf_raise_for_status
    response.raise_for_status()
  File "C:\Users\004WR1744\AppData\Local\Programs\Python\Python311\Lib\site-packages\httpx\_models.py", line 829, in raise_for_status
    raise HTTPStatusError(message, request=request, response=self)
httpx.HTTPStatusError: Client error '401 Unauthorized' for url 'https://huggingface.co/l3cube-pune/indic-bert-v1-hi-sentiment/resolve/main/config.json'
For more information check: https://developer.mozilla.org/en-US/docs/Web/HTTP/Status/401

The above exception was the direct cause of the following exception:

Traceback (most recent call last):
  File "C:\Users\004WR1744\AppData\Local\Programs\Python\Python311\Lib\site-packages\transformers\utils\hub.py", line 422, in cached_files
    hf_hub_download(
  File "C:\Users\004WR1744\AppData\Local\Programs\Python\Python311\Lib\site-packages\huggingface_hub\utils\_validators.py", line 88, in _inner_fn
    return fn(*args, **kwargs)
           ^^^^^^^^^^^^^^^^^^^
  File "C:\Users\004WR1744\AppData\Local\Programs\Python\Python311\Lib\site-packages\huggingface_hub\file_download.py", line 997, in hf_hub_download
    return _hf_hub_download_to_cache_dir(
           ^^^^^^^^^^^^^^^^^^^^^^^^^^^^^^
  File "C:\Users\004WR1744\AppData\Local\Programs\Python\Python311\Lib\site-packages\huggingface_hub\file_download.py", line 1148, in _hf_hub_download_to_cache_dir
    _raise_on_head_call_error(head_call_error, force_download, local_files_only)
  File "C:\Users\004WR1744\AppData\Local\Programs\Python\Python311\Lib\site-packages\huggingface_hub\file_download.py", line 1782, in _raise_on_head_call_error
    raise head_call_error
  File "C:\Users\004WR1744\AppData\Local\Programs\Python\Python311\Lib\site-packages\huggingface_hub\file_download.py", line 1669, in _get_metadata_or_catch_error
    metadata = get_hf_file_metadata(
               ^^^^^^^^^^^^^^^^^^^^^
  File "C:\Users\004WR1744\AppData\Local\Programs\Python\Python311\Lib\site-packages\huggingface_hub\utils\_validators.py", line 88, in _inner_fn
    return fn(*args, **kwargs)
           ^^^^^^^^^^^^^^^^^^^
  File "C:\Users\004WR1744\AppData\Local\Programs\Python\Python311\Lib\site-packages\huggingface_hub\file_download.py", line 1591, in get_hf_file_metadata
    response = _httpx_follow_relative_redirects_with_backoff(
               ^^^^^^^^^^^^^^^^^^^^^^^^^^^^^^^^^^^^^^^^^^^^^^
  File "C:\Users\004WR1744\AppData\Local\Programs\Python\Python311\Lib\site-packages\huggingface_hub\utils\_http.py", line 692, in _httpx_follow_relative_redirects_with_backoff
    hf_raise_for_status(response)
  File "C:\Users\004WR1744\AppData\Local\Programs\Python\Python311\Lib\site-packages\huggingface_hub\utils\_http.py", line 835, in hf_raise_for_status
    raise _format(RepositoryNotFoundError, message, response, repo_type=repo_type, repo_id=repo_id) from e
huggingface_hub.errors.RepositoryNotFoundError: 401 Client Error. (Request ID: Root=1-6a00ef41-4ee7749c10c0eddc04ca829a;533dd1ce-f9ad-4645-bc35-e2639fcd89ec)

Repository Not Found for url: https://huggingface.co/l3cube-pune/indic-bert-v1-hi-sentiment/resolve/main/config.json.
Please make sure you specified the correct `repo_id` and `repo_type`.
If you are trying to access a private or gated repo, make sure you are authenticated and your token has the required permissions.
For more details, see https://huggingface.co/docs/huggingface_hub/authentication
Invalid username or password.

The above exception was the direct cause of the following exception:

Traceback (most recent call last):
  File "C:\Users\004WR1744\AppData\Local\Programs\Python\Python311\Lib\site-packages\transformers\models\auto\tokenization_auto.py", line 692, in from_pretrained
    config = AutoConfig.from_pretrained(
             ^^^^^^^^^^^^^^^^^^^^^^^^^^^
  File "C:\Users\004WR1744\AppData\Local\Programs\Python\Python311\Lib\site-packages\transformers\models\auto\configuration_auto.py", line 374, in from_pretrained
    config_dict, unused_kwargs = PreTrainedConfig.get_config_dict(pretrained_model_name_or_path, **kwargs)
                                 ^^^^^^^^^^^^^^^^^^^^^^^^^^^^^^^^^^^^^^^^^^^^^^^^^^^^^^^^^^^^^^^^^^^^^^^^^
  File "C:\Users\004WR1744\AppData\Local\Programs\Python\Python311\Lib\site-packages\transformers\configuration_utils.py", line 682, in get_config_dict
    config_dict, kwargs = cls._get_config_dict(pretrained_model_name_or_path, **kwargs)
                          ^^^^^^^^^^^^^^^^^^^^^^^^^^^^^^^^^^^^^^^^^^^^^^^^^^^^^^^^^^^^^
  File "C:\Users\004WR1744\AppData\Local\Programs\Python\Python311\Lib\site-packages\transformers\configuration_utils.py", line 737, in _get_config_dict
    resolved_config_file = cached_file(
                           ^^^^^^^^^^^^
  File "C:\Users\004WR1744\AppData\Local\Programs\Python\Python311\Lib\site-packages\transformers\utils\hub.py", line 278, in cached_file
    file = cached_files(path_or_repo_id=path_or_repo_id, filenames=[filename], **kwargs)
           ^^^^^^^^^^^^^^^^^^^^^^^^^^^^^^^^^^^^^^^^^^^^^^^^^^^^^^^^^^^^^^^^^^^^^^^^^^^^^
  File "C:\Users\004WR1744\AppData\Local\Programs\Python\Python311\Lib\site-packages\transformers\utils\hub.py", line 454, in cached_files
    raise OSError(
OSError: l3cube-pune/indic-bert-v1-hi-sentiment is not a local folder and is not a valid model identifier listed on 'https://huggingface.co/models'
If this is a private repository, make sure to pass a token having permission to this repo either by logging in with `hf auth login` or by passing `token=<your_token>`

During handling of the above exception, another exception occurred:

Traceback (most recent call last):
  File "C:\Users\004WR1744\AppData\Local\Programs\Python\Python311\Lib\site-packages\huggingface_hub\utils\_http.py", line 761, in hf_raise_for_status
    response.raise_for_status()
  File "C:\Users\004WR1744\AppData\Local\Programs\Python\Python311\Lib\site-packages\httpx\_models.py", line 829, in raise_for_status
    raise HTTPStatusError(message, request=request, response=self)
httpx.HTTPStatusError: Client error '401 Unauthorized' for url 'https://huggingface.co/l3cube-pune/indic-bert-v1-hi-sentiment/resolve/main/config.json'
For more information check: https://developer.mozilla.org/en-US/docs/Web/HTTP/Status/401

The above exception was the direct cause of the following exception:

Traceback (most recent call last):
  File "C:\Users\004WR1744\AppData\Local\Programs\Python\Python311\Lib\site-packages\transformers\utils\hub.py", line 422, in cached_files
    hf_hub_download(
  File "C:\Users\004WR1744\AppData\Local\Programs\Python\Python311\Lib\site-packages\huggingface_hub\utils\_validators.py", line 88, in _inner_fn
    return fn(*args, **kwargs)
           ^^^^^^^^^^^^^^^^^^^
  File "C:\Users\004WR1744\AppData\Local\Programs\Python\Python311\Lib\site-packages\huggingface_hub\file_download.py", line 997, in hf_hub_download
    return _hf_hub_download_to_cache_dir(
           ^^^^^^^^^^^^^^^^^^^^^^^^^^^^^^
  File "C:\Users\004WR1744\AppData\Local\Programs\Python\Python311\Lib\site-packages\huggingface_hub\file_download.py", line 1148, in _hf_hub_download_to_cache_dir
    _raise_on_head_call_error(head_call_error, force_download, local_files_only)
  File "C:\Users\004WR1744\AppData\Local\Programs\Python\Python311\Lib\site-packages\huggingface_hub\file_download.py", line 1782, in _raise_on_head_call_error
    raise head_call_error
  File "C:\Users\004WR1744\AppData\Local\Programs\Python\Python311\Lib\site-packages\huggingface_hub\file_download.py", line 1669, in _get_metadata_or_catch_error
    metadata = get_hf_file_metadata(
               ^^^^^^^^^^^^^^^^^^^^^
  File "C:\Users\004WR1744\AppData\Local\Programs\Python\Python311\Lib\site-packages\huggingface_hub\utils\_validators.py", line 88, in _inner_fn
    return fn(*args, **kwargs)
           ^^^^^^^^^^^^^^^^^^^
  File "C:\Users\004WR1744\AppData\Local\Programs\Python\Python311\Lib\site-packages\huggingface_hub\file_download.py", line 1591, in get_hf_file_metadata
    response = _httpx_follow_relative_redirects_with_backoff(
               ^^^^^^^^^^^^^^^^^^^^^^^^^^^^^^^^^^^^^^^^^^^^^^
  File "C:\Users\004WR1744\AppData\Local\Programs\Python\Python311\Lib\site-packages\huggingface_hub\utils\_http.py", line 692, in _httpx_follow_relative_redirects_with_backoff
    hf_raise_for_status(response)
  File "C:\Users\004WR1744\AppData\Local\Programs\Python\Python311\Lib\site-packages\huggingface_hub\utils\_http.py", line 835, in hf_raise_for_status
    raise _format(RepositoryNotFoundError, message, response, repo_type=repo_type, repo_id=repo_id) from e
huggingface_hub.errors.RepositoryNotFoundError: 401 Client Error. (Request ID: Root=1-6a00ef42-0fe2915804b7a2876ed492ef;b0649f92-cf6a-43c2-8c98-f7c3b6cf4415)

Repository Not Found for url: https://huggingface.co/l3cube-pune/indic-bert-v1-hi-sentiment/resolve/main/config.json.
Please make sure you specified the correct `repo_id` and `repo_type`.
If you are trying to access a private or gated repo, make sure you are authenticated and your token has the required permissions.
For more details, see https://huggingface.co/docs/huggingface_hub/authentication
Invalid username or password.

The above exception was the direct cause of the following exception:

Traceback (most recent call last):
  File "c:\Users\004WR1744\OneDrive - IBM\Documents\research git\rtest\gluecos_sa.py", line 228, in <module>
    tokenizer = AutoTokenizer.from_pretrained(model_path)
                ^^^^^^^^^^^^^^^^^^^^^^^^^^^^^^^^^^^^^^^^^
  File "C:\Users\004WR1744\AppData\Local\Programs\Python\Python311\Lib\site-packages\transformers\models\auto\tokenization_auto.py", line 696, in from_pretrained
    config = PreTrainedConfig.from_pretrained(pretrained_model_name_or_path, **kwargs)
             ^^^^^^^^^^^^^^^^^^^^^^^^^^^^^^^^^^^^^^^^^^^^^^^^^^^^^^^^^^^^^^^^^^^^^^^^^
  File "C:\Users\004WR1744\AppData\Local\Programs\Python\Python311\Lib\site-packages\transformers\configuration_utils.py", line 641, in from_pretrained
    config_dict, kwargs = cls.get_config_dict(pretrained_model_name_or_path, **kwargs)
                          ^^^^^^^^^^^^^^^^^^^^^^^^^^^^^^^^^^^^^^^^^^^^^^^^^^^^^^^^^^^^
  File "C:\Users\004WR1744\AppData\Local\Programs\Python\Python311\Lib\site-packages\transformers\configuration_utils.py", line 682, in get_config_dict
    config_dict, kwargs = cls._get_config_dict(pretrained_model_name_or_path, **kwargs)
                          ^^^^^^^^^^^^^^^^^^^^^^^^^^^^^^^^^^^^^^^^^^^^^^^^^^^^^^^^^^^^^
  File "C:\Users\004WR1744\AppData\Local\Programs\Python\Python311\Lib\site-packages\transformers\configuration_utils.py", line 737, in _get_config_dict
    resolved_config_file = cached_file(
                           ^^^^^^^^^^^^
  File "C:\Users\004WR1744\AppData\Local\Programs\Python\Python311\Lib\site-packages\transformers\utils\hub.py", line 278, in cached_file
    file = cached_files(path_or_repo_id=path_or_repo_id, filenames=[filename], **kwargs)
           ^^^^^^^^^^^^^^^^^^^^^^^^^^^^^^^^^^^^^^^^^^^^^^^^^^^^^^^^^^^^^^^^^^^^^^^^^^^^^
  File "C:\Users\004WR1744\AppData\Local\Programs\Python\Python311\Lib\site-packages\transformers\utils\hub.py", line 454, in cached_files
    raise OSError(
OSError: l3cube-pune/indic-bert-v1-hi-sentiment is not a local folder and is not a valid model identifier listed on 'https://huggingface.co/models'
If this is a private repository, make sure to pass a token having permission to this repo either by logging in with `hf auth login` or by passing `token=<your_token>`
2026-05-11 02:18:59,772 - INFO - 
2026-05-11 02:18:59,772 - INFO - ============================================================
2026-05-11 02:18:59,772 - INFO - RUNNING MODEL: XLM_RoBERTa_Sentiment
2026-05-11 02:18:59,773 - INFO - ============================================================
2026-05-11 02:19:00,005 - INFO - HTTP Request: HEAD https://huggingface.co/cardiffnlp/twitter-xlm-roberta-base-sentiment/resolve/main/config.json "HTTP/1.1 307 Temporary Redirect"
2026-05-11 02:19:00,014 - INFO - HTTP Request: HEAD https://huggingface.co/api/resolve-cache/models/cardiffnlp/twitter-xlm-roberta-base-sentiment/f2f1202b1bdeb07342385c3f807f9c07cd8f5cf8/config.json "HTTP/1.1 200 OK"
2026-05-11 02:19:00,029 - INFO - HTTP Request: GET https://huggingface.co/api/resolve-cache/models/cardiffnlp/twitter-xlm-roberta-base-sentiment/f2f1202b1bdeb07342385c3f807f9c07cd8f5cf8/config.json "HTTP/1.1 200 OK"
2026-05-11 02:19:00,315 - INFO - HTTP Request: HEAD https://huggingface.co/cardiffnlp/twitter-xlm-roberta-base-sentiment/resolve/main/tokenizer_config.json "HTTP/1.1 404 Not Found"
2026-05-11 02:19:00,562 - INFO - HTTP Request: HEAD https://huggingface.co/cardiffnlp/twitter-xlm-roberta-base-sentiment/resolve/main/tokenizer_config.json "HTTP/1.1 404 Not Found"
2026-05-11 02:19:00,839 - INFO - HTTP Request: GET https://huggingface.co/api/models/cardiffnlp/twitter-xlm-roberta-base-sentiment/tree/main/additional_chat_templates?recursive=false&expand=false "HTTP/1.1 404 Not Found"
2026-05-11 02:19:01,078 - INFO - HTTP Request: GET https://huggingface.co/api/models/cardiffnlp/twitter-xlm-roberta-base-sentiment/tree/main?recursive=true&expand=false "HTTP/1.1 200 OK"
2026-05-11 02:19:01,317 - INFO - HTTP Request: HEAD https://huggingface.co/cardiffnlp/twitter-xlm-roberta-base-sentiment/resolve/main/sentencepiece.bpe.model "HTTP/1.1 302 Found"
2026-05-11 02:19:01,571 - INFO - HTTP Request: GET https://huggingface.co/api/models/cardiffnlp/twitter-xlm-roberta-base-sentiment/xet-read-token/f2f1202b1bdeb07342385c3f807f9c07cd8f5cf8 "HTTP/1.1 200 OK"
2026-05-11 02:19:03,297 - INFO - HTTP Request: HEAD https://huggingface.co/cardiffnlp/twitter-xlm-roberta-base-sentiment/resolve/main/tokenizer.json "HTTP/1.1 404 Not Found"
2026-05-11 02:19:03,561 - INFO - HTTP Request: HEAD https://huggingface.co/cardiffnlp/twitter-xlm-roberta-base-sentiment/resolve/main/added_tokens.json "HTTP/1.1 404 Not Found"
2026-05-11 02:19:03,807 - INFO - HTTP Request: HEAD https://huggingface.co/cardiffnlp/twitter-xlm-roberta-base-sentiment/resolve/main/special_tokens_map.json "HTTP/1.1 307 Temporary Redirect"
2026-05-11 02:19:03,816 - INFO - HTTP Request: HEAD https://huggingface.co/api/resolve-cache/models/cardiffnlp/twitter-xlm-roberta-base-sentiment/f2f1202b1bdeb07342385c3f807f9c07cd8f5cf8/special_tokens_map.json "HTTP/1.1 200 OK"
2026-05-11 02:19:03,835 - INFO - HTTP Request: GET https://huggingface.co/api/resolve-cache/models/cardiffnlp/twitter-xlm-roberta-base-sentiment/f2f1202b1bdeb07342385c3f807f9c07cd8f5cf8/special_tokens_map.json "HTTP/1.1 200 OK"
2026-05-11 02:19:04,078 - INFO - HTTP Request: HEAD https://huggingface.co/cardiffnlp/twitter-xlm-roberta-base-sentiment/resolve/main/chat_template.jinja "HTTP/1.1 404 Not Found"
2026-05-11 02:19:04,284 - ERROR - 
2026-05-11 02:19:04,285 - ERROR - ERROR OCCURRED
2026-05-11 02:19:04,285 - ERROR - Error parsing line b'\x0e' in C:\Users\004WR1744\.cache\huggingface\hub\models--cardiffnlp--twitter-xlm-roberta-base-sentiment\snapshots\f2f1202b1bdeb07342385c3f807f9c07cd8f5cf8\sentencepiece.bpe.model
2026-05-11 02:19:04,285 - ERROR - Full traceback:
Traceback (most recent call last):
  File "C:\Users\004WR1744\AppData\Local\Programs\Python\Python311\Lib\site-packages\transformers\tokenization_utils_tokenizers.py", line 217, in convert_to_native_format
    extractor = SentencePieceExtractor(vocab_file)
                ^^^^^^^^^^^^^^^^^^^^^^^^^^^^^^^^^^
  File "C:\Users\004WR1744\AppData\Local\Programs\Python\Python311\Lib\site-packages\transformers\convert_slow_tokenizer.py", line 152, in __init__
    requires_backends(self, "sentencepiece")
  File "C:\Users\004WR1744\AppData\Local\Programs\Python\Python311\Lib\site-packages\transformers\utils\import_utils.py", line 2040, in requires_backends
    raise ImportError("".join(failed))
ImportError: 
SentencePieceExtractor requires the SentencePiece library but it was not found in your environment. Check out the instructions on the
installation page of its repo: https://github.com/google/sentencepiece#installation and follow the ones
that match your environment. Please note that you may need to restart your runtime after installation.


During handling of the above exception, another exception occurred:

Traceback (most recent call last):
  File "C:\Users\004WR1744\AppData\Local\Programs\Python\Python311\Lib\site-packages\tiktoken\load.py", line 168, in load_tiktoken_bpe
    token, rank = line.split()
    ^^^^^^^^^^^
ValueError: not enough values to unpack (expected 2, got 1)

The above exception was the direct cause of the following exception:

Traceback (most recent call last):
  File "c:\Users\004WR1744\OneDrive - IBM\Documents\research git\rtest\gluecos_sa.py", line 228, in <module>
    tokenizer = AutoTokenizer.from_pretrained(model_path)
                ^^^^^^^^^^^^^^^^^^^^^^^^^^^^^^^^^^^^^^^^^
  File "C:\Users\004WR1744\AppData\Local\Programs\Python\Python311\Lib\site-packages\transformers\models\auto\tokenization_auto.py", line 837, in from_pretrained
    return tokenizer_class.from_pretrained(pretrained_model_name_or_path, *inputs, **kwargs)
           ^^^^^^^^^^^^^^^^^^^^^^^^^^^^^^^^^^^^^^^^^^^^^^^^^^^^^^^^^^^^^^^^^^^^^^^^^^^^^^^^^
  File "C:\Users\004WR1744\AppData\Local\Programs\Python\Python311\Lib\site-packages\transformers\tokenization_utils_base.py", line 1743, in from_pretrained
    return cls._from_pretrained(
           ^^^^^^^^^^^^^^^^^^^^^
  File "C:\Users\004WR1744\AppData\Local\Programs\Python\Python311\Lib\site-packages\transformers\tokenization_utils_base.py", line 1930, in _from_pretrained
    init_kwargs = cls.convert_to_native_format(**init_kwargs)
                  ^^^^^^^^^^^^^^^^^^^^^^^^^^^^^^^^^^^^^^^^^^^
  File "C:\Users\004WR1744\AppData\Local\Programs\Python\Python311\Lib\site-packages\transformers\tokenization_utils_tokenizers.py", line 283, in convert_to_native_format
    local_kwargs["tokenizer_object"] = converter.converted()
                                       ^^^^^^^^^^^^^^^^^^^^^
  File "C:\Users\004WR1744\AppData\Local\Programs\Python\Python311\Lib\site-packages\transformers\convert_slow_tokenizer.py", line 1957, in converted
    tokenizer = self.tokenizer()
                ^^^^^^^^^^^^^^^^
  File "C:\Users\004WR1744\AppData\Local\Programs\Python\Python311\Lib\site-packages\transformers\convert_slow_tokenizer.py", line 1950, in tokenizer
    vocab_scores, merges = self.extract_vocab_merges_from_model(self.vocab_file)
                           ^^^^^^^^^^^^^^^^^^^^^^^^^^^^^^^^^^^^^^^^^^^^^^^^^^^^^
  File "C:\Users\004WR1744\AppData\Local\Programs\Python\Python311\Lib\site-packages\transformers\convert_slow_tokenizer.py", line 1926, in extract_vocab_merges_from_model
    bpe_ranks = load_tiktoken_bpe(tiktoken_url)
                ^^^^^^^^^^^^^^^^^^^^^^^^^^^^^^^
  File "C:\Users\004WR1744\AppData\Local\Programs\Python\Python311\Lib\site-packages\tiktoken\load.py", line 171, in load_tiktoken_bpe
    raise ValueError(f"Error parsing line {line!r} in {tiktoken_bpe_file}") from e
ValueError: Error parsing line b'\x0e' in C:\Users\004WR1744\.cache\huggingface\hub\models--cardiffnlp--twitter-xlm-roberta-base-sentiment\snapshots\f2f1202b1bdeb07342385c3f807f9c07cd8f5cf8\sentencepiece.bpe.model
2026-05-11 02:19:04,349 - INFO - 
2026-05-11 02:19:04,349 - INFO - ============================================================
2026-05-11 02:19:04,350 - INFO - RUNNING MODEL: MuRIL_Sentiment
2026-05-11 02:19:04,350 - INFO - ============================================================
2026-05-11 02:19:04,584 - INFO - HTTP Request: HEAD https://huggingface.co/l3cube-pune/muril-sentiment-latest/resolve/main/config.json "HTTP/1.1 401 Unauthorized"
2026-05-11 02:19:04,821 - INFO - HTTP Request: HEAD https://huggingface.co/l3cube-pune/muril-sentiment-latest/resolve/main/config.json "HTTP/1.1 401 Unauthorized"
2026-05-11 02:19:04,822 - ERROR - 
2026-05-11 02:19:04,822 - ERROR - ERROR OCCURRED
2026-05-11 02:19:04,823 - ERROR - l3cube-pune/muril-sentiment-latest is not a local folder and is not a valid model identifier listed on 'https://huggingface.co/models'
If this is a private repository, make sure to pass a token having permission to this repo either by logging in with `hf auth login` or by passing `token=<your_token>`
2026-05-11 02:19:04,823 - ERROR - Full traceback:
Traceback (most recent call last):
  File "C:\Users\004WR1744\AppData\Local\Programs\Python\Python311\Lib\site-packages\huggingface_hub\utils\_http.py", line 761, in hf_raise_for_status
    response.raise_for_status()
  File "C:\Users\004WR1744\AppData\Local\Programs\Python\Python311\Lib\site-packages\httpx\_models.py", line 829, in raise_for_status
    raise HTTPStatusError(message, request=request, response=self)
httpx.HTTPStatusError: Client error '401 Unauthorized' for url 'https://huggingface.co/l3cube-pune/muril-sentiment-latest/resolve/main/config.json'
For more information check: https://developer.mozilla.org/en-US/docs/Web/HTTP/Status/401

The above exception was the direct cause of the following exception:

Traceback (most recent call last):
  File "C:\Users\004WR1744\AppData\Local\Programs\Python\Python311\Lib\site-packages\transformers\utils\hub.py", line 422, in cached_files
    hf_hub_download(
  File "C:\Users\004WR1744\AppData\Local\Programs\Python\Python311\Lib\site-packages\huggingface_hub\utils\_validators.py", line 88, in _inner_fn
    return fn(*args, **kwargs)
           ^^^^^^^^^^^^^^^^^^^
  File "C:\Users\004WR1744\AppData\Local\Programs\Python\Python311\Lib\site-packages\huggingface_hub\file_download.py", line 997, in hf_hub_download
    return _hf_hub_download_to_cache_dir(
           ^^^^^^^^^^^^^^^^^^^^^^^^^^^^^^
  File "C:\Users\004WR1744\AppData\Local\Programs\Python\Python311\Lib\site-packages\huggingface_hub\file_download.py", line 1148, in _hf_hub_download_to_cache_dir
    _raise_on_head_call_error(head_call_error, force_download, local_files_only)
  File "C:\Users\004WR1744\AppData\Local\Programs\Python\Python311\Lib\site-packages\huggingface_hub\file_download.py", line 1782, in _raise_on_head_call_error
    raise head_call_error
  File "C:\Users\004WR1744\AppData\Local\Programs\Python\Python311\Lib\site-packages\huggingface_hub\file_download.py", line 1669, in _get_metadata_or_catch_error
    metadata = get_hf_file_metadata(
               ^^^^^^^^^^^^^^^^^^^^^
  File "C:\Users\004WR1744\AppData\Local\Programs\Python\Python311\Lib\site-packages\huggingface_hub\utils\_validators.py", line 88, in _inner_fn
    return fn(*args, **kwargs)
           ^^^^^^^^^^^^^^^^^^^
  File "C:\Users\004WR1744\AppData\Local\Programs\Python\Python311\Lib\site-packages\huggingface_hub\file_download.py", line 1591, in get_hf_file_metadata
    response = _httpx_follow_relative_redirects_with_backoff(
               ^^^^^^^^^^^^^^^^^^^^^^^^^^^^^^^^^^^^^^^^^^^^^^
  File "C:\Users\004WR1744\AppData\Local\Programs\Python\Python311\Lib\site-packages\huggingface_hub\utils\_http.py", line 692, in _httpx_follow_relative_redirects_with_backoff
    hf_raise_for_status(response)
  File "C:\Users\004WR1744\AppData\Local\Programs\Python\Python311\Lib\site-packages\huggingface_hub\utils\_http.py", line 835, in hf_raise_for_status
    raise _format(RepositoryNotFoundError, message, response, repo_type=repo_type, repo_id=repo_id) from e
huggingface_hub.errors.RepositoryNotFoundError: 401 Client Error. (Request ID: Root=1-6a00ef46-1e5bbba802b324220a46a9ee;0d1ce16b-ca60-4a9d-8942-a34507888108)

Repository Not Found for url: https://huggingface.co/l3cube-pune/muril-sentiment-latest/resolve/main/config.json.
Please make sure you specified the correct `repo_id` and `repo_type`.
If you are trying to access a private or gated repo, make sure you are authenticated and your token has the required permissions.
For more details, see https://huggingface.co/docs/huggingface_hub/authentication
Invalid username or password.

The above exception was the direct cause of the following exception:

Traceback (most recent call last):
  File "C:\Users\004WR1744\AppData\Local\Programs\Python\Python311\Lib\site-packages\transformers\models\auto\tokenization_auto.py", line 692, in from_pretrained
    config = AutoConfig.from_pretrained(
             ^^^^^^^^^^^^^^^^^^^^^^^^^^^
  File "C:\Users\004WR1744\AppData\Local\Programs\Python\Python311\Lib\site-packages\transformers\models\auto\configuration_auto.py", line 374, in from_pretrained
    config_dict, unused_kwargs = PreTrainedConfig.get_config_dict(pretrained_model_name_or_path, **kwargs)
                                 ^^^^^^^^^^^^^^^^^^^^^^^^^^^^^^^^^^^^^^^^^^^^^^^^^^^^^^^^^^^^^^^^^^^^^^^^^
  File "C:\Users\004WR1744\AppData\Local\Programs\Python\Python311\Lib\site-packages\transformers\configuration_utils.py", line 682, in get_config_dict
    config_dict, kwargs = cls._get_config_dict(pretrained_model_name_or_path, **kwargs)
                          ^^^^^^^^^^^^^^^^^^^^^^^^^^^^^^^^^^^^^^^^^^^^^^^^^^^^^^^^^^^^^
  File "C:\Users\004WR1744\AppData\Local\Programs\Python\Python311\Lib\site-packages\transformers\configuration_utils.py", line 737, in _get_config_dict
    resolved_config_file = cached_file(
                           ^^^^^^^^^^^^
  File "C:\Users\004WR1744\AppData\Local\Programs\Python\Python311\Lib\site-packages\transformers\utils\hub.py", line 278, in cached_file
    file = cached_files(path_or_repo_id=path_or_repo_id, filenames=[filename], **kwargs)
           ^^^^^^^^^^^^^^^^^^^^^^^^^^^^^^^^^^^^^^^^^^^^^^^^^^^^^^^^^^^^^^^^^^^^^^^^^^^^^
  File "C:\Users\004WR1744\AppData\Local\Programs\Python\Python311\Lib\site-packages\transformers\utils\hub.py", line 454, in cached_files
    raise OSError(
OSError: l3cube-pune/muril-sentiment-latest is not a local folder and is not a valid model identifier listed on 'https://huggingface.co/models'
If this is a private repository, make sure to pass a token having permission to this repo either by logging in with `hf auth login` or by passing `token=<your_token>`

During handling of the above exception, another exception occurred:

Traceback (most recent call last):
  File "C:\Users\004WR1744\AppData\Local\Programs\Python\Python311\Lib\site-packages\huggingface_hub\utils\_http.py", line 761, in hf_raise_for_status
    response.raise_for_status()
  File "C:\Users\004WR1744\AppData\Local\Programs\Python\Python311\Lib\site-packages\httpx\_models.py", line 829, in raise_for_status
    raise HTTPStatusError(message, request=request, response=self)
httpx.HTTPStatusError: Client error '401 Unauthorized' for url 'https://huggingface.co/l3cube-pune/muril-sentiment-latest/resolve/main/config.json'
For more information check: https://developer.mozilla.org/en-US/docs/Web/HTTP/Status/401

The above exception was the direct cause of the following exception:

Traceback (most recent call last):
  File "C:\Users\004WR1744\AppData\Local\Programs\Python\Python311\Lib\site-packages\transformers\utils\hub.py", line 422, in cached_files
    hf_hub_download(
  File "C:\Users\004WR1744\AppData\Local\Programs\Python\Python311\Lib\site-packages\huggingface_hub\utils\_validators.py", line 88, in _inner_fn
    return fn(*args, **kwargs)
           ^^^^^^^^^^^^^^^^^^^
  File "C:\Users\004WR1744\AppData\Local\Programs\Python\Python311\Lib\site-packages\huggingface_hub\file_download.py", line 997, in hf_hub_download
    return _hf_hub_download_to_cache_dir(
           ^^^^^^^^^^^^^^^^^^^^^^^^^^^^^^
  File "C:\Users\004WR1744\AppData\Local\Programs\Python\Python311\Lib\site-packages\huggingface_hub\file_download.py", line 1148, in _hf_hub_download_to_cache_dir
    _raise_on_head_call_error(head_call_error, force_download, local_files_only)
  File "C:\Users\004WR1744\AppData\Local\Programs\Python\Python311\Lib\site-packages\huggingface_hub\file_download.py", line 1782, in _raise_on_head_call_error
    raise head_call_error
  File "C:\Users\004WR1744\AppData\Local\Programs\Python\Python311\Lib\site-packages\huggingface_hub\file_download.py", line 1669, in _get_metadata_or_catch_error
    metadata = get_hf_file_metadata(
               ^^^^^^^^^^^^^^^^^^^^^
  File "C:\Users\004WR1744\AppData\Local\Programs\Python\Python311\Lib\site-packages\huggingface_hub\utils\_validators.py", line 88, in _inner_fn
    return fn(*args, **kwargs)
           ^^^^^^^^^^^^^^^^^^^
  File "C:\Users\004WR1744\AppData\Local\Programs\Python\Python311\Lib\site-packages\huggingface_hub\file_download.py", line 1591, in get_hf_file_metadata
    response = _httpx_follow_relative_redirects_with_backoff(
               ^^^^^^^^^^^^^^^^^^^^^^^^^^^^^^^^^^^^^^^^^^^^^^
  File "C:\Users\004WR1744\AppData\Local\Programs\Python\Python311\Lib\site-packages\huggingface_hub\utils\_http.py", line 692, in _httpx_follow_relative_redirects_with_backoff
    hf_raise_for_status(response)
  File "C:\Users\004WR1744\AppData\Local\Programs\Python\Python311\Lib\site-packages\huggingface_hub\utils\_http.py", line 835, in hf_raise_for_status
    raise _format(RepositoryNotFoundError, message, response, repo_type=repo_type, repo_id=repo_id) from e
huggingface_hub.errors.RepositoryNotFoundError: 401 Client Error. (Request ID: Root=1-6a00ef47-187fbf7b6e61eb95343304dd;2dfc3d43-fd83-49b0-b303-3860396e67bd)

Repository Not Found for url: https://huggingface.co/l3cube-pune/muril-sentiment-latest/resolve/main/config.json.
Please make sure you specified the correct `repo_id` and `repo_type`.
If you are trying to access a private or gated repo, make sure you are authenticated and your token has the required permissions.
For more details, see https://huggingface.co/docs/huggingface_hub/authentication
Invalid username or password.

The above exception was the direct cause of the following exception:

Traceback (most recent call last):
  File "c:\Users\004WR1744\OneDrive - IBM\Documents\research git\rtest\gluecos_sa.py", line 228, in <module>
    tokenizer = AutoTokenizer.from_pretrained(model_path)
                ^^^^^^^^^^^^^^^^^^^^^^^^^^^^^^^^^^^^^^^^^
  File "C:\Users\004WR1744\AppData\Local\Programs\Python\Python311\Lib\site-packages\transformers\models\auto\tokenization_auto.py", line 696, in from_pretrained
    config = PreTrainedConfig.from_pretrained(pretrained_model_name_or_path, **kwargs)
             ^^^^^^^^^^^^^^^^^^^^^^^^^^^^^^^^^^^^^^^^^^^^^^^^^^^^^^^^^^^^^^^^^^^^^^^^^
  File "C:\Users\004WR1744\AppData\Local\Programs\Python\Python311\Lib\site-packages\transformers\configuration_utils.py", line 641, in from_pretrained
    config_dict, kwargs = cls.get_config_dict(pretrained_model_name_or_path, **kwargs)
                          ^^^^^^^^^^^^^^^^^^^^^^^^^^^^^^^^^^^^^^^^^^^^^^^^^^^^^^^^^^^^
  File "C:\Users\004WR1744\AppData\Local\Programs\Python\Python311\Lib\site-packages\transformers\configuration_utils.py", line 682, in get_config_dict
    config_dict, kwargs = cls._get_config_dict(pretrained_model_name_or_path, **kwargs)
                          ^^^^^^^^^^^^^^^^^^^^^^^^^^^^^^^^^^^^^^^^^^^^^^^^^^^^^^^^^^^^^
  File "C:\Users\004WR1744\AppData\Local\Programs\Python\Python311\Lib\site-packages\transformers\configuration_utils.py", line 737, in _get_config_dict
    resolved_config_file = cached_file(
                           ^^^^^^^^^^^^
  File "C:\Users\004WR1744\AppData\Local\Programs\Python\Python311\Lib\site-packages\transformers\utils\hub.py", line 278, in cached_file
    file = cached_files(path_or_repo_id=path_or_repo_id, filenames=[filename], **kwargs)
           ^^^^^^^^^^^^^^^^^^^^^^^^^^^^^^^^^^^^^^^^^^^^^^^^^^^^^^^^^^^^^^^^^^^^^^^^^^^^^
  File "C:\Users\004WR1744\AppData\Local\Programs\Python\Python311\Lib\site-packages\transformers\utils\hub.py", line 454, in cached_files
    raise OSError(
OSError: l3cube-pune/muril-sentiment-latest is not a local folder and is not a valid model identifier listed on 'https://huggingface.co/models'
If this is a private repository, make sure to pass a token having permission to this repo either by logging in with `hf auth login` or by passing `token=<your_token>`
2026-05-11 02:19:04,827 - INFO - 
2026-05-11 02:19:04,827 - INFO - ============================================================
2026-05-11 02:19:04,827 - INFO - RUNNING MODEL: HingBERT_Sentiment
2026-05-11 02:19:04,827 - INFO - ============================================================
2026-05-11 02:19:05,063 - INFO - HTTP Request: HEAD https://huggingface.co/l3cube-pune/hing-bert-sentiment/resolve/main/config.json "HTTP/1.1 401 Unauthorized"
2026-05-11 02:19:05,296 - INFO - HTTP Request: HEAD https://huggingface.co/l3cube-pune/hing-bert-sentiment/resolve/main/config.json "HTTP/1.1 401 Unauthorized"
2026-05-11 02:19:05,297 - ERROR - 
2026-05-11 02:19:05,297 - ERROR - ERROR OCCURRED
2026-05-11 02:19:05,298 - ERROR - l3cube-pune/hing-bert-sentiment is not a local folder and is not a valid model identifier listed on 'https://huggingface.co/models'
If this is a private repository, make sure to pass a token having permission to this repo either by logging in with `hf auth login` or by passing `token=<your_token>`
2026-05-11 02:19:05,298 - ERROR - Full traceback:
Traceback (most recent call last):
  File "C:\Users\004WR1744\AppData\Local\Programs\Python\Python311\Lib\site-packages\huggingface_hub\utils\_http.py", line 761, in hf_raise_for_status
    response.raise_for_status()
  File "C:\Users\004WR1744\AppData\Local\Programs\Python\Python311\Lib\site-packages\httpx\_models.py", line 829, in raise_for_status
    raise HTTPStatusError(message, request=request, response=self)
httpx.HTTPStatusError: Client error '401 Unauthorized' for url 'https://huggingface.co/l3cube-pune/hing-bert-sentiment/resolve/main/config.json'
For more information check: https://developer.mozilla.org/en-US/docs/Web/HTTP/Status/401

The above exception was the direct cause of the following exception:

Traceback (most recent call last):
  File "C:\Users\004WR1744\AppData\Local\Programs\Python\Python311\Lib\site-packages\transformers\utils\hub.py", line 422, in cached_files
    hf_hub_download(
  File "C:\Users\004WR1744\AppData\Local\Programs\Python\Python311\Lib\site-packages\huggingface_hub\utils\_validators.py", line 88, in _inner_fn
    return fn(*args, **kwargs)
           ^^^^^^^^^^^^^^^^^^^
  File "C:\Users\004WR1744\AppData\Local\Programs\Python\Python311\Lib\site-packages\huggingface_hub\file_download.py", line 997, in hf_hub_download
    return _hf_hub_download_to_cache_dir(
           ^^^^^^^^^^^^^^^^^^^^^^^^^^^^^^
  File "C:\Users\004WR1744\AppData\Local\Programs\Python\Python311\Lib\site-packages\huggingface_hub\file_download.py", line 1148, in _hf_hub_download_to_cache_dir
    _raise_on_head_call_error(head_call_error, force_download, local_files_only)
  File "C:\Users\004WR1744\AppData\Local\Programs\Python\Python311\Lib\site-packages\huggingface_hub\file_download.py", line 1782, in _raise_on_head_call_error
    raise head_call_error
  File "C:\Users\004WR1744\AppData\Local\Programs\Python\Python311\Lib\site-packages\huggingface_hub\file_download.py", line 1669, in _get_metadata_or_catch_error
    metadata = get_hf_file_metadata(
               ^^^^^^^^^^^^^^^^^^^^^
  File "C:\Users\004WR1744\AppData\Local\Programs\Python\Python311\Lib\site-packages\huggingface_hub\utils\_validators.py", line 88, in _inner_fn
    return fn(*args, **kwargs)
           ^^^^^^^^^^^^^^^^^^^
  File "C:\Users\004WR1744\AppData\Local\Programs\Python\Python311\Lib\site-packages\huggingface_hub\file_download.py", line 1591, in get_hf_file_metadata
    response = _httpx_follow_relative_redirects_with_backoff(
               ^^^^^^^^^^^^^^^^^^^^^^^^^^^^^^^^^^^^^^^^^^^^^^
  File "C:\Users\004WR1744\AppData\Local\Programs\Python\Python311\Lib\site-packages\huggingface_hub\utils\_http.py", line 692, in _httpx_follow_relative_redirects_with_backoff
    hf_raise_for_status(response)
  File "C:\Users\004WR1744\AppData\Local\Programs\Python\Python311\Lib\site-packages\huggingface_hub\utils\_http.py", line 835, in hf_raise_for_status
    raise _format(RepositoryNotFoundError, message, response, repo_type=repo_type, repo_id=repo_id) from e
huggingface_hub.errors.RepositoryNotFoundError: 401 Client Error. (Request ID: Root=1-6a00ef47-370816bc3937fd1278c88014;fde7f768-d83c-4837-9a38-5cefea23be2e)

Repository Not Found for url: https://huggingface.co/l3cube-pune/hing-bert-sentiment/resolve/main/config.json.
Please make sure you specified the correct `repo_id` and `repo_type`.
If you are trying to access a private or gated repo, make sure you are authenticated and your token has the required permissions.
For more details, see https://huggingface.co/docs/huggingface_hub/authentication
Invalid username or password.

The above exception was the direct cause of the following exception:

Traceback (most recent call last):
  File "C:\Users\004WR1744\AppData\Local\Programs\Python\Python311\Lib\site-packages\transformers\models\auto\tokenization_auto.py", line 692, in from_pretrained
    config = AutoConfig.from_pretrained(
             ^^^^^^^^^^^^^^^^^^^^^^^^^^^
  File "C:\Users\004WR1744\AppData\Local\Programs\Python\Python311\Lib\site-packages\transformers\models\auto\configuration_auto.py", line 374, in from_pretrained
    config_dict, unused_kwargs = PreTrainedConfig.get_config_dict(pretrained_model_name_or_path, **kwargs)
                                 ^^^^^^^^^^^^^^^^^^^^^^^^^^^^^^^^^^^^^^^^^^^^^^^^^^^^^^^^^^^^^^^^^^^^^^^^^
  File "C:\Users\004WR1744\AppData\Local\Programs\Python\Python311\Lib\site-packages\transformers\configuration_utils.py", line 682, in get_config_dict
    config_dict, kwargs = cls._get_config_dict(pretrained_model_name_or_path, **kwargs)
                          ^^^^^^^^^^^^^^^^^^^^^^^^^^^^^^^^^^^^^^^^^^^^^^^^^^^^^^^^^^^^^
  File "C:\Users\004WR1744\AppData\Local\Programs\Python\Python311\Lib\site-packages\transformers\configuration_utils.py", line 737, in _get_config_dict
    resolved_config_file = cached_file(
                           ^^^^^^^^^^^^
  File "C:\Users\004WR1744\AppData\Local\Programs\Python\Python311\Lib\site-packages\transformers\utils\hub.py", line 278, in cached_file
    file = cached_files(path_or_repo_id=path_or_repo_id, filenames=[filename], **kwargs)
           ^^^^^^^^^^^^^^^^^^^^^^^^^^^^^^^^^^^^^^^^^^^^^^^^^^^^^^^^^^^^^^^^^^^^^^^^^^^^^
  File "C:\Users\004WR1744\AppData\Local\Programs\Python\Python311\Lib\site-packages\transformers\utils\hub.py", line 454, in cached_files
    raise OSError(
OSError: l3cube-pune/hing-bert-sentiment is not a local folder and is not a valid model identifier listed on 'https://huggingface.co/models'
If this is a private repository, make sure to pass a token having permission to this repo either by logging in with `hf auth login` or by passing `token=<your_token>`

During handling of the above exception, another exception occurred:

Traceback (most recent call last):
  File "C:\Users\004WR1744\AppData\Local\Programs\Python\Python311\Lib\site-packages\huggingface_hub\utils\_http.py", line 761, in hf_raise_for_status
    response.raise_for_status()
  File "C:\Users\004WR1744\AppData\Local\Programs\Python\Python311\Lib\site-packages\httpx\_models.py", line 829, in raise_for_status
    raise HTTPStatusError(message, request=request, response=self)
httpx.HTTPStatusError: Client error '401 Unauthorized' for url 'https://huggingface.co/l3cube-pune/hing-bert-sentiment/resolve/main/config.json'
For more information check: https://developer.mozilla.org/en-US/docs/Web/HTTP/Status/401

The above exception was the direct cause of the following exception:

Traceback (most recent call last):
  File "C:\Users\004WR1744\AppData\Local\Programs\Python\Python311\Lib\site-packages\transformers\utils\hub.py", line 422, in cached_files
    hf_hub_download(
  File "C:\Users\004WR1744\AppData\Local\Programs\Python\Python311\Lib\site-packages\huggingface_hub\utils\_validators.py", line 88, in _inner_fn
    return fn(*args, **kwargs)
           ^^^^^^^^^^^^^^^^^^^
  File "C:\Users\004WR1744\AppData\Local\Programs\Python\Python311\Lib\site-packages\huggingface_hub\file_download.py", line 997, in hf_hub_download
    return _hf_hub_download_to_cache_dir(
           ^^^^^^^^^^^^^^^^^^^^^^^^^^^^^^
  File "C:\Users\004WR1744\AppData\Local\Programs\Python\Python311\Lib\site-packages\huggingface_hub\file_download.py", line 1148, in _hf_hub_download_to_cache_dir
    _raise_on_head_call_error(head_call_error, force_download, local_files_only)
  File "C:\Users\004WR1744\AppData\Local\Programs\Python\Python311\Lib\site-packages\huggingface_hub\file_download.py", line 1782, in _raise_on_head_call_error
    raise head_call_error
  File "C:\Users\004WR1744\AppData\Local\Programs\Python\Python311\Lib\site-packages\huggingface_hub\file_download.py", line 1669, in _get_metadata_or_catch_error
    metadata = get_hf_file_metadata(
               ^^^^^^^^^^^^^^^^^^^^^
  File "C:\Users\004WR1744\AppData\Local\Programs\Python\Python311\Lib\site-packages\huggingface_hub\utils\_validators.py", line 88, in _inner_fn
    return fn(*args, **kwargs)
           ^^^^^^^^^^^^^^^^^^^
  File "C:\Users\004WR1744\AppData\Local\Programs\Python\Python311\Lib\site-packages\huggingface_hub\file_download.py", line 1591, in get_hf_file_metadata
    response = _httpx_follow_relative_redirects_with_backoff(
               ^^^^^^^^^^^^^^^^^^^^^^^^^^^^^^^^^^^^^^^^^^^^^^
  File "C:\Users\004WR1744\AppData\Local\Programs\Python\Python311\Lib\site-packages\huggingface_hub\utils\_http.py", line 692, in _httpx_follow_relative_redirects_with_backoff
    hf_raise_for_status(response)
  File "C:\Users\004WR1744\AppData\Local\Programs\Python\Python311\Lib\site-packages\huggingface_hub\utils\_http.py", line 835, in hf_raise_for_status
    raise _format(RepositoryNotFoundError, message, response, repo_type=repo_type, repo_id=repo_id) from e
huggingface_hub.errors.RepositoryNotFoundError: 401 Client Error. (Request ID: Root=1-6a00ef47-625cbad92c164be871eab0c7;d13d342d-dfd0-499c-ad6c-d97d3a7419e6)

Repository Not Found for url: https://huggingface.co/l3cube-pune/hing-bert-sentiment/resolve/main/config.json.
Please make sure you specified the correct `repo_id` and `repo_type`.
If you are trying to access a private or gated repo, make sure you are authenticated and your token has the required permissions.
For more details, see https://huggingface.co/docs/huggingface_hub/authentication
Invalid username or password.

The above exception was the direct cause of the following exception:

Traceback (most recent call last):
  File "c:\Users\004WR1744\OneDrive - IBM\Documents\research git\rtest\gluecos_sa.py", line 228, in <module>
    tokenizer = AutoTokenizer.from_pretrained(model_path)
                ^^^^^^^^^^^^^^^^^^^^^^^^^^^^^^^^^^^^^^^^^
  File "C:\Users\004WR1744\AppData\Local\Programs\Python\Python311\Lib\site-packages\transformers\models\auto\tokenization_auto.py", line 696, in from_pretrained
    config = PreTrainedConfig.from_pretrained(pretrained_model_name_or_path, **kwargs)
             ^^^^^^^^^^^^^^^^^^^^^^^^^^^^^^^^^^^^^^^^^^^^^^^^^^^^^^^^^^^^^^^^^^^^^^^^^
  File "C:\Users\004WR1744\AppData\Local\Programs\Python\Python311\Lib\site-packages\transformers\configuration_utils.py", line 641, in from_pretrained
    config_dict, kwargs = cls.get_config_dict(pretrained_model_name_or_path, **kwargs)
                          ^^^^^^^^^^^^^^^^^^^^^^^^^^^^^^^^^^^^^^^^^^^^^^^^^^^^^^^^^^^^
  File "C:\Users\004WR1744\AppData\Local\Programs\Python\Python311\Lib\site-packages\transformers\configuration_utils.py", line 682, in get_config_dict
    config_dict, kwargs = cls._get_config_dict(pretrained_model_name_or_path, **kwargs)
                          ^^^^^^^^^^^^^^^^^^^^^^^^^^^^^^^^^^^^^^^^^^^^^^^^^^^^^^^^^^^^^
  File "C:\Users\004WR1744\AppData\Local\Programs\Python\Python311\Lib\site-packages\transformers\configuration_utils.py", line 737, in _get_config_dict
    resolved_config_file = cached_file(
                           ^^^^^^^^^^^^
  File "C:\Users\004WR1744\AppData\Local\Programs\Python\Python311\Lib\site-packages\transformers\utils\hub.py", line 278, in cached_file
    file = cached_files(path_or_repo_id=path_or_repo_id, filenames=[filename], **kwargs)
           ^^^^^^^^^^^^^^^^^^^^^^^^^^^^^^^^^^^^^^^^^^^^^^^^^^^^^^^^^^^^^^^^^^^^^^^^^^^^^
  File "C:\Users\004WR1744\AppData\Local\Programs\Python\Python311\Lib\site-packages\transformers\utils\hub.py", line 454, in cached_files
    raise OSError(
OSError: l3cube-pune/hing-bert-sentiment is not a local folder and is not a valid model identifier listed on 'https://huggingface.co/models'
If this is a private repository, make sure to pass a token having permission to this repo either by logging in with `hf auth login` or by passing `token=<your_token>`
2026-05-11 02:19:05,302 - INFO - 
2026-05-11 02:19:05,302 - INFO - ============================================================
2026-05-11 02:19:05,302 - INFO - RUNNING MODEL: HingRoBERTa_Sentiment
2026-05-11 02:19:05,302 - INFO - ============================================================
2026-05-11 02:19:05,538 - INFO - HTTP Request: HEAD https://huggingface.co/l3cube-pune/hing-roberta-sentiment/resolve/main/config.json "HTTP/1.1 401 Unauthorized"
2026-05-11 02:19:05,773 - INFO - HTTP Request: HEAD https://huggingface.co/l3cube-pune/hing-roberta-sentiment/resolve/main/config.json "HTTP/1.1 401 Unauthorized"
2026-05-11 02:19:05,773 - ERROR - 
2026-05-11 02:19:05,774 - ERROR - ERROR OCCURRED
2026-05-11 02:19:05,774 - ERROR - l3cube-pune/hing-roberta-sentiment is not a local folder and is not a valid model identifier listed on 'https://huggingface.co/models'
If this is a private repository, make sure to pass a token having permission to this repo either by logging in with `hf auth login` or by passing `token=<your_token>`
2026-05-11 02:19:05,774 - ERROR - Full traceback:
Traceback (most recent call last):
  File "C:\Users\004WR1744\AppData\Local\Programs\Python\Python311\Lib\site-packages\huggingface_hub\utils\_http.py", line 761, in hf_raise_for_status
    response.raise_for_status()
  File "C:\Users\004WR1744\AppData\Local\Programs\Python\Python311\Lib\site-packages\httpx\_models.py", line 829, in raise_for_status
    raise HTTPStatusError(message, request=request, response=self)
httpx.HTTPStatusError: Client error '401 Unauthorized' for url 'https://huggingface.co/l3cube-pune/hing-roberta-sentiment/resolve/main/config.json'
For more information check: https://developer.mozilla.org/en-US/docs/Web/HTTP/Status/401

The above exception was the direct cause of the following exception:

Traceback (most recent call last):
  File "C:\Users\004WR1744\AppData\Local\Programs\Python\Python311\Lib\site-packages\transformers\utils\hub.py", line 422, in cached_files
    hf_hub_download(
  File "C:\Users\004WR1744\AppData\Local\Programs\Python\Python311\Lib\site-packages\huggingface_hub\utils\_validators.py", line 88, in _inner_fn
    return fn(*args, **kwargs)
           ^^^^^^^^^^^^^^^^^^^
  File "C:\Users\004WR1744\AppData\Local\Programs\Python\Python311\Lib\site-packages\huggingface_hub\file_download.py", line 997, in hf_hub_download
    return _hf_hub_download_to_cache_dir(
           ^^^^^^^^^^^^^^^^^^^^^^^^^^^^^^
  File "C:\Users\004WR1744\AppData\Local\Programs\Python\Python311\Lib\site-packages\huggingface_hub\file_download.py", line 1148, in _hf_hub_download_to_cache_dir
    _raise_on_head_call_error(head_call_error, force_download, local_files_only)
  File "C:\Users\004WR1744\AppData\Local\Programs\Python\Python311\Lib\site-packages\huggingface_hub\file_download.py", line 1782, in _raise_on_head_call_error
    raise head_call_error
  File "C:\Users\004WR1744\AppData\Local\Programs\Python\Python311\Lib\site-packages\huggingface_hub\file_download.py", line 1669, in _get_metadata_or_catch_error
    metadata = get_hf_file_metadata(
               ^^^^^^^^^^^^^^^^^^^^^
  File "C:\Users\004WR1744\AppData\Local\Programs\Python\Python311\Lib\site-packages\huggingface_hub\utils\_validators.py", line 88, in _inner_fn
    return fn(*args, **kwargs)
           ^^^^^^^^^^^^^^^^^^^
  File "C:\Users\004WR1744\AppData\Local\Programs\Python\Python311\Lib\site-packages\huggingface_hub\file_download.py", line 1591, in get_hf_file_metadata
    response = _httpx_follow_relative_redirects_with_backoff(
               ^^^^^^^^^^^^^^^^^^^^^^^^^^^^^^^^^^^^^^^^^^^^^^
  File "C:\Users\004WR1744\AppData\Local\Programs\Python\Python311\Lib\site-packages\huggingface_hub\utils\_http.py", line 692, in _httpx_follow_relative_redirects_with_backoff
    hf_raise_for_status(response)
  File "C:\Users\004WR1744\AppData\Local\Programs\Python\Python311\Lib\site-packages\huggingface_hub\utils\_http.py", line 835, in hf_raise_for_status
    raise _format(RepositoryNotFoundError, message, response, repo_type=repo_type, repo_id=repo_id) from e
huggingface_hub.errors.RepositoryNotFoundError: 401 Client Error. (Request ID: Root=1-6a00ef47-2c3b76542628056451058fcb;7b94da00-9fac-48e2-941e-a95677e48081)

Repository Not Found for url: https://huggingface.co/l3cube-pune/hing-roberta-sentiment/resolve/main/config.json.
Please make sure you specified the correct `repo_id` and `repo_type`.
If you are trying to access a private or gated repo, make sure you are authenticated and your token has the required permissions.
For more details, see https://huggingface.co/docs/huggingface_hub/authentication
Invalid username or password.

The above exception was the direct cause of the following exception:

Traceback (most recent call last):
  File "C:\Users\004WR1744\AppData\Local\Programs\Python\Python311\Lib\site-packages\transformers\models\auto\tokenization_auto.py", line 692, in from_pretrained
    config = AutoConfig.from_pretrained(
             ^^^^^^^^^^^^^^^^^^^^^^^^^^^
  File "C:\Users\004WR1744\AppData\Local\Programs\Python\Python311\Lib\site-packages\transformers\models\auto\configuration_auto.py", line 374, in from_pretrained
    config_dict, unused_kwargs = PreTrainedConfig.get_config_dict(pretrained_model_name_or_path, **kwargs)
                                 ^^^^^^^^^^^^^^^^^^^^^^^^^^^^^^^^^^^^^^^^^^^^^^^^^^^^^^^^^^^^^^^^^^^^^^^^^
  File "C:\Users\004WR1744\AppData\Local\Programs\Python\Python311\Lib\site-packages\transformers\configuration_utils.py", line 682, in get_config_dict
    config_dict, kwargs = cls._get_config_dict(pretrained_model_name_or_path, **kwargs)
                          ^^^^^^^^^^^^^^^^^^^^^^^^^^^^^^^^^^^^^^^^^^^^^^^^^^^^^^^^^^^^^
  File "C:\Users\004WR1744\AppData\Local\Programs\Python\Python311\Lib\site-packages\transformers\configuration_utils.py", line 737, in _get_config_dict
    resolved_config_file = cached_file(
                           ^^^^^^^^^^^^
  File "C:\Users\004WR1744\AppData\Local\Programs\Python\Python311\Lib\site-packages\transformers\utils\hub.py", line 278, in cached_file
    file = cached_files(path_or_repo_id=path_or_repo_id, filenames=[filename], **kwargs)
           ^^^^^^^^^^^^^^^^^^^^^^^^^^^^^^^^^^^^^^^^^^^^^^^^^^^^^^^^^^^^^^^^^^^^^^^^^^^^^
  File "C:\Users\004WR1744\AppData\Local\Programs\Python\Python311\Lib\site-packages\transformers\utils\hub.py", line 454, in cached_files
    raise OSError(
OSError: l3cube-pune/hing-roberta-sentiment is not a local folder and is not a valid model identifier listed on 'https://huggingface.co/models'
If this is a private repository, make sure to pass a token having permission to this repo either by logging in with `hf auth login` or by passing `token=<your_token>`

During handling of the above exception, another exception occurred:

Traceback (most recent call last):
  File "C:\Users\004WR1744\AppData\Local\Programs\Python\Python311\Lib\site-packages\huggingface_hub\utils\_http.py", line 761, in hf_raise_for_status
    response.raise_for_status()
  File "C:\Users\004WR1744\AppData\Local\Programs\Python\Python311\Lib\site-packages\httpx\_models.py", line 829, in raise_for_status
    raise HTTPStatusError(message, request=request, response=self)
httpx.HTTPStatusError: Client error '401 Unauthorized' for url 'https://huggingface.co/l3cube-pune/hing-roberta-sentiment/resolve/main/config.json'
For more information check: https://developer.mozilla.org/en-US/docs/Web/HTTP/Status/401

The above exception was the direct cause of the following exception:

Traceback (most recent call last):
  File "C:\Users\004WR1744\AppData\Local\Programs\Python\Python311\Lib\site-packages\transformers\utils\hub.py", line 422, in cached_files
    hf_hub_download(
  File "C:\Users\004WR1744\AppData\Local\Programs\Python\Python311\Lib\site-packages\huggingface_hub\utils\_validators.py", line 88, in _inner_fn
    return fn(*args, **kwargs)
           ^^^^^^^^^^^^^^^^^^^
  File "C:\Users\004WR1744\AppData\Local\Programs\Python\Python311\Lib\site-packages\huggingface_hub\file_download.py", line 997, in hf_hub_download
    return _hf_hub_download_to_cache_dir(
           ^^^^^^^^^^^^^^^^^^^^^^^^^^^^^^
  File "C:\Users\004WR1744\AppData\Local\Programs\Python\Python311\Lib\site-packages\huggingface_hub\file_download.py", line 1148, in _hf_hub_download_to_cache_dir
    _raise_on_head_call_error(head_call_error, force_download, local_files_only)
  File "C:\Users\004WR1744\AppData\Local\Programs\Python\Python311\Lib\site-packages\huggingface_hub\file_download.py", line 1782, in _raise_on_head_call_error
    raise head_call_error
  File "C:\Users\004WR1744\AppData\Local\Programs\Python\Python311\Lib\site-packages\huggingface_hub\file_download.py", line 1669, in _get_metadata_or_catch_error
    metadata = get_hf_file_metadata(
               ^^^^^^^^^^^^^^^^^^^^^
  File "C:\Users\004WR1744\AppData\Local\Programs\Python\Python311\Lib\site-packages\huggingface_hub\utils\_validators.py", line 88, in _inner_fn
    return fn(*args, **kwargs)
           ^^^^^^^^^^^^^^^^^^^
  File "C:\Users\004WR1744\AppData\Local\Programs\Python\Python311\Lib\site-packages\huggingface_hub\file_download.py", line 1591, in get_hf_file_metadata
    response = _httpx_follow_relative_redirects_with_backoff(
               ^^^^^^^^^^^^^^^^^^^^^^^^^^^^^^^^^^^^^^^^^^^^^^
  File "C:\Users\004WR1744\AppData\Local\Programs\Python\Python311\Lib\site-packages\huggingface_hub\utils\_http.py", line 692, in _httpx_follow_relative_redirects_with_backoff
    hf_raise_for_status(response)
  File "C:\Users\004WR1744\AppData\Local\Programs\Python\Python311\Lib\site-packages\huggingface_hub\utils\_http.py", line 835, in hf_raise_for_status
    raise _format(RepositoryNotFoundError, message, response, repo_type=repo_type, repo_id=repo_id) from e
huggingface_hub.errors.RepositoryNotFoundError: 401 Client Error. (Request ID: Root=1-6a00ef48-1ac2fe370b5fdce74764b37f;1e2a21f4-cfcf-466e-a7d2-8e92bd378bda)

Repository Not Found for url: https://huggingface.co/l3cube-pune/hing-roberta-sentiment/resolve/main/config.json.
Please make sure you specified the correct `repo_id` and `repo_type`.
If you are trying to access a private or gated repo, make sure you are authenticated and your token has the required permissions.
For more details, see https://huggingface.co/docs/huggingface_hub/authentication
Invalid username or password.

The above exception was the direct cause of the following exception:

Traceback (most recent call last):
  File "c:\Users\004WR1744\OneDrive - IBM\Documents\research git\rtest\gluecos_sa.py", line 228, in <module>
    tokenizer = AutoTokenizer.from_pretrained(model_path)
                ^^^^^^^^^^^^^^^^^^^^^^^^^^^^^^^^^^^^^^^^^
  File "C:\Users\004WR1744\AppData\Local\Programs\Python\Python311\Lib\site-packages\transformers\models\auto\tokenization_auto.py", line 696, in from_pretrained
    config = PreTrainedConfig.from_pretrained(pretrained_model_name_or_path, **kwargs)
             ^^^^^^^^^^^^^^^^^^^^^^^^^^^^^^^^^^^^^^^^^^^^^^^^^^^^^^^^^^^^^^^^^^^^^^^^^
  File "C:\Users\004WR1744\AppData\Local\Programs\Python\Python311\Lib\site-packages\transformers\configuration_utils.py", line 641, in from_pretrained
    config_dict, kwargs = cls.get_config_dict(pretrained_model_name_or_path, **kwargs)
                          ^^^^^^^^^^^^^^^^^^^^^^^^^^^^^^^^^^^^^^^^^^^^^^^^^^^^^^^^^^^^
  File "C:\Users\004WR1744\AppData\Local\Programs\Python\Python311\Lib\site-packages\transformers\configuration_utils.py", line 682, in get_config_dict
    config_dict, kwargs = cls._get_config_dict(pretrained_model_name_or_path, **kwargs)
                          ^^^^^^^^^^^^^^^^^^^^^^^^^^^^^^^^^^^^^^^^^^^^^^^^^^^^^^^^^^^^^
  File "C:\Users\004WR1744\AppData\Local\Programs\Python\Python311\Lib\site-packages\transformers\configuration_utils.py", line 737, in _get_config_dict
    resolved_config_file = cached_file(
                           ^^^^^^^^^^^^
  File "C:\Users\004WR1744\AppData\Local\Programs\Python\Python311\Lib\site-packages\transformers\utils\hub.py", line 278, in cached_file
    file = cached_files(path_or_repo_id=path_or_repo_id, filenames=[filename], **kwargs)
           ^^^^^^^^^^^^^^^^^^^^^^^^^^^^^^^^^^^^^^^^^^^^^^^^^^^^^^^^^^^^^^^^^^^^^^^^^^^^^
  File "C:\Users\004WR1744\AppData\Local\Programs\Python\Python311\Lib\site-packages\transformers\utils\hub.py", line 454, in cached_files
    raise OSError(
OSError: l3cube-pune/hing-roberta-sentiment is not a local folder and is not a valid model identifier listed on 'https://huggingface.co/models'
If this is a private repository, make sure to pass a token having permission to this repo either by logging in with `hf auth login` or by passing `token=<your_token>`
2026-05-11 02:19:05,781 - INFO - 
2026-05-11 02:19:05,781 - INFO - ============================================================
2026-05-11 02:19:05,781 - INFO - RUNNING MODEL: HingMBERT_Sentiment
2026-05-11 02:19:05,781 - INFO - ============================================================
2026-05-11 02:19:06,101 - INFO - HTTP Request: HEAD https://huggingface.co/l3cube-pune/hindi-bert-v2-sentiment/resolve/main/config.json "HTTP/1.1 401 Unauthorized"
2026-05-11 02:19:06,335 - INFO - HTTP Request: HEAD https://huggingface.co/l3cube-pune/hindi-bert-v2-sentiment/resolve/main/config.json "HTTP/1.1 401 Unauthorized"
2026-05-11 02:19:06,336 - ERROR - 
2026-05-11 02:19:06,336 - ERROR - ERROR OCCURRED
2026-05-11 02:19:06,337 - ERROR - l3cube-pune/hindi-bert-v2-sentiment is not a local folder and is not a valid model identifier listed on 'https://huggingface.co/models'
If this is a private repository, make sure to pass a token having permission to this repo either by logging in with `hf auth login` or by passing `token=<your_token>`
2026-05-11 02:19:06,337 - ERROR - Full traceback:
Traceback (most recent call last):
  File "C:\Users\004WR1744\AppData\Local\Programs\Python\Python311\Lib\site-packages\huggingface_hub\utils\_http.py", line 761, in hf_raise_for_status
    response.raise_for_status()
  File "C:\Users\004WR1744\AppData\Local\Programs\Python\Python311\Lib\site-packages\httpx\_models.py", line 829, in raise_for_status
    raise HTTPStatusError(message, request=request, response=self)
httpx.HTTPStatusError: Client error '401 Unauthorized' for url 'https://huggingface.co/l3cube-pune/hindi-bert-v2-sentiment/resolve/main/config.json'
For more information check: https://developer.mozilla.org/en-US/docs/Web/HTTP/Status/401

The above exception was the direct cause of the following exception:

Traceback (most recent call last):
  File "C:\Users\004WR1744\AppData\Local\Programs\Python\Python311\Lib\site-packages\transformers\utils\hub.py", line 422, in cached_files
    hf_hub_download(
  File "C:\Users\004WR1744\AppData\Local\Programs\Python\Python311\Lib\site-packages\huggingface_hub\utils\_validators.py", line 88, in _inner_fn
    return fn(*args, **kwargs)
           ^^^^^^^^^^^^^^^^^^^
  File "C:\Users\004WR1744\AppData\Local\Programs\Python\Python311\Lib\site-packages\huggingface_hub\file_download.py", line 997, in hf_hub_download
    return _hf_hub_download_to_cache_dir(
           ^^^^^^^^^^^^^^^^^^^^^^^^^^^^^^
  File "C:\Users\004WR1744\AppData\Local\Programs\Python\Python311\Lib\site-packages\huggingface_hub\file_download.py", line 1148, in _hf_hub_download_to_cache_dir
    _raise_on_head_call_error(head_call_error, force_download, local_files_only)
  File "C:\Users\004WR1744\AppData\Local\Programs\Python\Python311\Lib\site-packages\huggingface_hub\file_download.py", line 1782, in _raise_on_head_call_error
    raise head_call_error
  File "C:\Users\004WR1744\AppData\Local\Programs\Python\Python311\Lib\site-packages\huggingface_hub\file_download.py", line 1669, in _get_metadata_or_catch_error
    metadata = get_hf_file_metadata(
               ^^^^^^^^^^^^^^^^^^^^^
  File "C:\Users\004WR1744\AppData\Local\Programs\Python\Python311\Lib\site-packages\huggingface_hub\utils\_validators.py", line 88, in _inner_fn
    return fn(*args, **kwargs)
           ^^^^^^^^^^^^^^^^^^^
  File "C:\Users\004WR1744\AppData\Local\Programs\Python\Python311\Lib\site-packages\huggingface_hub\file_download.py", line 1591, in get_hf_file_metadata
    response = _httpx_follow_relative_redirects_with_backoff(
               ^^^^^^^^^^^^^^^^^^^^^^^^^^^^^^^^^^^^^^^^^^^^^^
  File "C:\Users\004WR1744\AppData\Local\Programs\Python\Python311\Lib\site-packages\huggingface_hub\utils\_http.py", line 692, in _httpx_follow_relative_redirects_with_backoff
    hf_raise_for_status(response)
  File "C:\Users\004WR1744\AppData\Local\Programs\Python\Python311\Lib\site-packages\huggingface_hub\utils\_http.py", line 835, in hf_raise_for_status
    raise _format(RepositoryNotFoundError, message, response, repo_type=repo_type, repo_id=repo_id) from e
huggingface_hub.errors.RepositoryNotFoundError: 401 Client Error. (Request ID: Root=1-6a00ef48-25d1ac447ab50def27ce7282;899c0003-03eb-447f-882a-68fd51072a67)

Repository Not Found for url: https://huggingface.co/l3cube-pune/hindi-bert-v2-sentiment/resolve/main/config.json.
Please make sure you specified the correct `repo_id` and `repo_type`.
If you are trying to access a private or gated repo, make sure you are authenticated and your token has the required permissions.
For more details, see https://huggingface.co/docs/huggingface_hub/authentication
Invalid username or password.

The above exception was the direct cause of the following exception:

Traceback (most recent call last):
  File "C:\Users\004WR1744\AppData\Local\Programs\Python\Python311\Lib\site-packages\transformers\models\auto\tokenization_auto.py", line 692, in from_pretrained
    config = AutoConfig.from_pretrained(
             ^^^^^^^^^^^^^^^^^^^^^^^^^^^
  File "C:\Users\004WR1744\AppData\Local\Programs\Python\Python311\Lib\site-packages\transformers\models\auto\configuration_auto.py", line 374, in from_pretrained
    config_dict, unused_kwargs = PreTrainedConfig.get_config_dict(pretrained_model_name_or_path, **kwargs)
                                 ^^^^^^^^^^^^^^^^^^^^^^^^^^^^^^^^^^^^^^^^^^^^^^^^^^^^^^^^^^^^^^^^^^^^^^^^^
  File "C:\Users\004WR1744\AppData\Local\Programs\Python\Python311\Lib\site-packages\transformers\configuration_utils.py", line 682, in get_config_dict
    config_dict, kwargs = cls._get_config_dict(pretrained_model_name_or_path, **kwargs)
                          ^^^^^^^^^^^^^^^^^^^^^^^^^^^^^^^^^^^^^^^^^^^^^^^^^^^^^^^^^^^^^
  File "C:\Users\004WR1744\AppData\Local\Programs\Python\Python311\Lib\site-packages\transformers\configuration_utils.py", line 737, in _get_config_dict
    resolved_config_file = cached_file(
                           ^^^^^^^^^^^^
  File "C:\Users\004WR1744\AppData\Local\Programs\Python\Python311\Lib\site-packages\transformers\utils\hub.py", line 278, in cached_file
    file = cached_files(path_or_repo_id=path_or_repo_id, filenames=[filename], **kwargs)
           ^^^^^^^^^^^^^^^^^^^^^^^^^^^^^^^^^^^^^^^^^^^^^^^^^^^^^^^^^^^^^^^^^^^^^^^^^^^^^
  File "C:\Users\004WR1744\AppData\Local\Programs\Python\Python311\Lib\site-packages\transformers\utils\hub.py", line 454, in cached_files
    raise OSError(
OSError: l3cube-pune/hindi-bert-v2-sentiment is not a local folder and is not a valid model identifier listed on 'https://huggingface.co/models'
If this is a private repository, make sure to pass a token having permission to this repo either by logging in with `hf auth login` or by passing `token=<your_token>`

During handling of the above exception, another exception occurred:

Traceback (most recent call last):
  File "C:\Users\004WR1744\AppData\Local\Programs\Python\Python311\Lib\site-packages\huggingface_hub\utils\_http.py", line 761, in hf_raise_for_status
    response.raise_for_status()
  File "C:\Users\004WR1744\AppData\Local\Programs\Python\Python311\Lib\site-packages\httpx\_models.py", line 829, in raise_for_status
    raise HTTPStatusError(message, request=request, response=self)
httpx.HTTPStatusError: Client error '401 Unauthorized' for url 'https://huggingface.co/l3cube-pune/hindi-bert-v2-sentiment/resolve/main/config.json'
For more information check: https://developer.mozilla.org/en-US/docs/Web/HTTP/Status/401

The above exception was the direct cause of the following exception:

Traceback (most recent call last):
  File "C:\Users\004WR1744\AppData\Local\Programs\Python\Python311\Lib\site-packages\transformers\utils\hub.py", line 422, in cached_files
    hf_hub_download(
  File "C:\Users\004WR1744\AppData\Local\Programs\Python\Python311\Lib\site-packages\huggingface_hub\utils\_validators.py", line 88, in _inner_fn
    return fn(*args, **kwargs)
           ^^^^^^^^^^^^^^^^^^^
  File "C:\Users\004WR1744\AppData\Local\Programs\Python\Python311\Lib\site-packages\huggingface_hub\file_download.py", line 997, in hf_hub_download
    return _hf_hub_download_to_cache_dir(
           ^^^^^^^^^^^^^^^^^^^^^^^^^^^^^^
  File "C:\Users\004WR1744\AppData\Local\Programs\Python\Python311\Lib\site-packages\huggingface_hub\file_download.py", line 1148, in _hf_hub_download_to_cache_dir
    _raise_on_head_call_error(head_call_error, force_download, local_files_only)
  File "C:\Users\004WR1744\AppData\Local\Programs\Python\Python311\Lib\site-packages\huggingface_hub\file_download.py", line 1782, in _raise_on_head_call_error
    raise head_call_error
  File "C:\Users\004WR1744\AppData\Local\Programs\Python\Python311\Lib\site-packages\huggingface_hub\file_download.py", line 1669, in _get_metadata_or_catch_error
    metadata = get_hf_file_metadata(
               ^^^^^^^^^^^^^^^^^^^^^
  File "C:\Users\004WR1744\AppData\Local\Programs\Python\Python311\Lib\site-packages\huggingface_hub\utils\_validators.py", line 88, in _inner_fn
    return fn(*args, **kwargs)
           ^^^^^^^^^^^^^^^^^^^
  File "C:\Users\004WR1744\AppData\Local\Programs\Python\Python311\Lib\site-packages\huggingface_hub\file_download.py", line 1591, in get_hf_file_metadata
    response = _httpx_follow_relative_redirects_with_backoff(
               ^^^^^^^^^^^^^^^^^^^^^^^^^^^^^^^^^^^^^^^^^^^^^^
  File "C:\Users\004WR1744\AppData\Local\Programs\Python\Python311\Lib\site-packages\huggingface_hub\utils\_http.py", line 692, in _httpx_follow_relative_redirects_with_backoff
    hf_raise_for_status(response)
  File "C:\Users\004WR1744\AppData\Local\Programs\Python\Python311\Lib\site-packages\huggingface_hub\utils\_http.py", line 835, in hf_raise_for_status
    raise _format(RepositoryNotFoundError, message, response, repo_type=repo_type, repo_id=repo_id) from e
huggingface_hub.errors.RepositoryNotFoundError: 401 Client Error. (Request ID: Root=1-6a00ef48-3d43dd46290d50ee303b4ae6;cc603d6a-8b11-407b-8fac-125f6c148f7f)

Repository Not Found for url: https://huggingface.co/l3cube-pune/hindi-bert-v2-sentiment/resolve/main/config.json.
Please make sure you specified the correct `repo_id` and `repo_type`.
If you are trying to access a private or gated repo, make sure you are authenticated and your token has the required permissions.
For more details, see https://huggingface.co/docs/huggingface_hub/authentication
Invalid username or password.

The above exception was the direct cause of the following exception:

Traceback (most recent call last):
  File "c:\Users\004WR1744\OneDrive - IBM\Documents\research git\rtest\gluecos_sa.py", line 228, in <module>
    tokenizer = AutoTokenizer.from_pretrained(model_path)
                ^^^^^^^^^^^^^^^^^^^^^^^^^^^^^^^^^^^^^^^^^
  File "C:\Users\004WR1744\AppData\Local\Programs\Python\Python311\Lib\site-packages\transformers\models\auto\tokenization_auto.py", line 696, in from_pretrained
    config = PreTrainedConfig.from_pretrained(pretrained_model_name_or_path, **kwargs)
             ^^^^^^^^^^^^^^^^^^^^^^^^^^^^^^^^^^^^^^^^^^^^^^^^^^^^^^^^^^^^^^^^^^^^^^^^^
  File "C:\Users\004WR1744\AppData\Local\Programs\Python\Python311\Lib\site-packages\transformers\configuration_utils.py", line 641, in from_pretrained
    config_dict, kwargs = cls.get_config_dict(pretrained_model_name_or_path, **kwargs)
                          ^^^^^^^^^^^^^^^^^^^^^^^^^^^^^^^^^^^^^^^^^^^^^^^^^^^^^^^^^^^^
  File "C:\Users\004WR1744\AppData\Local\Programs\Python\Python311\Lib\site-packages\transformers\configuration_utils.py", line 682, in get_config_dict
    config_dict, kwargs = cls._get_config_dict(pretrained_model_name_or_path, **kwargs)
                          ^^^^^^^^^^^^^^^^^^^^^^^^^^^^^^^^^^^^^^^^^^^^^^^^^^^^^^^^^^^^^
  File "C:\Users\004WR1744\AppData\Local\Programs\Python\Python311\Lib\site-packages\transformers\configuration_utils.py", line 737, in _get_config_dict
    resolved_config_file = cached_file(
                           ^^^^^^^^^^^^
  File "C:\Users\004WR1744\AppData\Local\Programs\Python\Python311\Lib\site-packages\transformers\utils\hub.py", line 278, in cached_file
    file = cached_files(path_or_repo_id=path_or_repo_id, filenames=[filename], **kwargs)
           ^^^^^^^^^^^^^^^^^^^^^^^^^^^^^^^^^^^^^^^^^^^^^^^^^^^^^^^^^^^^^^^^^^^^^^^^^^^^^
  File "C:\Users\004WR1744\AppData\Local\Programs\Python\Python311\Lib\site-packages\transformers\utils\hub.py", line 454, in cached_files
    raise OSError(
OSError: l3cube-pune/hindi-bert-v2-sentiment is not a local folder and is not a valid model identifier listed on 'https://huggingface.co/models'
If this is a private repository, make sure to pass a token having permission to this repo either by logging in with `hf auth login` or by passing `token=<your_token>`
2026-05-11 02:19:06,341 - INFO - 
2026-05-11 02:19:06,341 - INFO - ============================================================
2026-05-11 02:19:06,341 - INFO - FINAL RESULTS
2026-05-11 02:19:06,342 - INFO - ============================================================
2026-05-11 02:19:06,343 - INFO - 
2026-05-11 02:19:06,345 - INFO - 
                    Model  Accuracy  Precision    Recall        F1
0  BERT_Base_Multilingual  0.451193   0.751631  0.451193  0.487481
2026-05-11 02:19:06,353 - INFO - 
2026-05-11 02:19:06,354 - INFO - Results saved to:
2026-05-11 02:19:06,354 - INFO -   - hinglish_sentiment_results.csv
2026-05-11 02:19:06,354 - INFO -   - sentiment_analysis_20260511_021349.log
2026-05-11 02:19:06,354 - INFO - 
2026-05-11 02:19:06,354 - INFO - ============================================================
2026-05-11 02:19:06,355 - INFO - EVALUATION COMPLETED SUCCESSFULLY
2026-05-11 02:19:06,355 - INFO - ============================================================
